#2026 03 17 13:48:51.857#Z#DEBUG#dde23164-2207-11f1-a1fb-eeee0a988291.tutorial#flowable-async-job-executor-thread-65969#
[PollStageAppStatusExecution] d8fab115-9946-497e-818d-add170ae4d9f [2026-03-17T13:48:05.056883] Added process: "web" (STDOUT, API)#
#2026 03 17 13:48:51.857#Z#DEBUG#dde23164-2207-11f1-a1fb-eeee0a988291.tutorial#flowable-async-job-executor-thread-65969#
[PollStageAppStatusExecution] d8fab115-9946-497e-818d-add170ae4d9f [2026-03-17T13:48:05.066297] Created app with guid d8fab115-9946-497e-818d-add170ae4d9f (STDOUT, API)#
#2026 03 17 13:48:51.857#Z#DEBUG#dde23164-2207-11f1-a1fb-eeee0a988291.tutorial#flowable-async-job-executor-thread-65969#
[PollStageAppStatusExecution] d8fab115-9946-497e-818d-add170ae4d9f [2026-03-17T13:48:05.171407] Updating process: "web" (STDOUT, API)#
#2026 03 17 13:48:51.857#Z#DEBUG#dde23164-2207-11f1-a1fb-eeee0a988291.tutorial#flowable-async-job-executor-thread-65969#
[PollStageAppStatusExecution] d8fab115-9946-497e-818d-add170ae4d9f [2026-03-17T13:48:05.237825] Scaling process: "web" (STDOUT, API)#
#2026 03 17 13:48:51.857#Z#DEBUG#dde23164-2207-11f1-a1fb-eeee0a988291.tutorial#flowable-async-job-executor-thread-65969#
[PollStageAppStatusExecution] d8fab115-9946-497e-818d-add170ae4d9f [2026-03-17T13:48:31.407686] Uploading app package for app with guid d8fab115-9946-497e-818d-add170ae4d9f (STDOUT, API)#
#2026 03 17 13:48:51.857#Z#DEBUG#dde23164-2207-11f1-a1fb-eeee0a988291.tutorial#flowable-async-job-executor-thread-65969#
[PollStageAppStatusExecution] d8fab115-9946-497e-818d-add170ae4d9f [2026-03-17T13:48:31.702025] Updated app with guid d8fab115-9946-497e-818d-add170ae4d9f ({"environment_variables"=>"[PRIVATE DATA HIDDEN]"}) (STDOUT, API)#
#2026 03 17 13:48:51.857#Z#DEBUG#dde23164-2207-11f1-a1fb-eeee0a988291.tutorial#flowable-async-job-executor-thread-65969#
[PollStageAppStatusExecution] d8fab115-9946-497e-818d-add170ae4d9f [2026-03-17T13:48:41.952618] Creating build for app with guid d8fab115-9946-497e-818d-add170ae4d9f (STDOUT, API)#
#2026 03 17 13:48:51.857#Z#DEBUG#dde23164-2207-11f1-a1fb-eeee0a988291.tutorial#flowable-async-job-executor-thread-65969#
[PollStageAppStatusExecution] d8fab115-9946-497e-818d-add170ae4d9f [2026-03-17T13:48:43.143981] Downloading zero_trust_sidecar_buildpack_1_15... (STDOUT, STG)#
#2026 03 17 13:48:51.857#Z#DEBUG#dde23164-2207-11f1-a1fb-eeee0a988291.tutorial#flowable-async-job-executor-thread-65969#
[PollStageAppStatusExecution] d8fab115-9946-497e-818d-add170ae4d9f [2026-03-17T13:48:43.143982] Downloading nodejs_buildpack... (STDOUT, STG)#
#2026 03 17 13:48:51.857#Z#DEBUG#dde23164-2207-11f1-a1fb-eeee0a988291.tutorial#flowable-async-job-executor-thread-65969#
[PollStageAppStatusExecution] d8fab115-9946-497e-818d-add170ae4d9f [2026-03-17T13:48:43.143996] Downloading sap_java_buildpack_jakarta... (STDOUT, STG)#
#2026 03 17 13:48:51.857#Z#DEBUG#dde23164-2207-11f1-a1fb-eeee0a988291.tutorial#flowable-async-job-executor-thread-65969#
[PollStageAppStatusExecution] d8fab115-9946-497e-818d-add170ae4d9f [2026-03-17T13:48:43.144023] Downloading sap_java_buildpack_jakarta_2_51... (STDOUT, STG)#
#2026 03 17 13:48:51.857#Z#DEBUG#dde23164-2207-11f1-a1fb-eeee0a988291.tutorial#flowable-async-job-executor-thread-65969#
[PollStageAppStatusExecution] d8fab115-9946-497e-818d-add170ae4d9f [2026-03-17T13:48:43.144028] Downloading go_buildpack... (STDOUT, STG)#
#2026 03 17 13:48:51.857#Z#DEBUG#dde23164-2207-11f1-a1fb-eeee0a988291.tutorial#flowable-async-job-executor-thread-65969#
[PollStageAppStatusExecution] d8fab115-9946-497e-818d-add170ae4d9f [2026-03-17T13:48:43.168159] Downloaded zero_trust_sidecar_buildpack_1_15 (STDOUT, STG)#
#2026 03 17 13:48:51.857#Z#DEBUG#dde23164-2207-11f1-a1fb-eeee0a988291.tutorial#flowable-async-job-executor-thread-65969#
[PollStageAppStatusExecution] d8fab115-9946-497e-818d-add170ae4d9f [2026-03-17T13:48:43.168191] Downloading zero_trust_sidecar_buildpack_1_13... (STDOUT, STG)#
#2026 03 17 13:48:51.857#Z#DEBUG#dde23164-2207-11f1-a1fb-eeee0a988291.tutorial#flowable-async-job-executor-thread-65969#
[PollStageAppStatusExecution] d8fab115-9946-497e-818d-add170ae4d9f [2026-03-17T13:48:43.168203] Downloaded nodejs_buildpack (STDOUT, STG)#
#2026 03 17 13:48:51.857#Z#DEBUG#dde23164-2207-11f1-a1fb-eeee0a988291.tutorial#flowable-async-job-executor-thread-65969#
[PollStageAppStatusExecution] d8fab115-9946-497e-818d-add170ae4d9f [2026-03-17T13:48:43.168228] Downloading zero_trust_sidecar_buildpack... (STDOUT, STG)#
#2026 03 17 13:48:51.857#Z#DEBUG#dde23164-2207-11f1-a1fb-eeee0a988291.tutorial#flowable-async-job-executor-thread-65969#
[PollStageAppStatusExecution] d8fab115-9946-497e-818d-add170ae4d9f [2026-03-17T13:48:43.168529] Downloaded sap_java_buildpack_jakarta_2_51 (STDOUT, STG)#
#2026 03 17 13:48:51.857#Z#DEBUG#dde23164-2207-11f1-a1fb-eeee0a988291.tutorial#flowable-async-job-executor-thread-65969#
[PollStageAppStatusExecution] d8fab115-9946-497e-818d-add170ae4d9f [2026-03-17T13:48:43.168544] Downloading staticfile_buildpack... (STDOUT, STG)#
#2026 03 17 13:48:51.857#Z#DEBUG#dde23164-2207-11f1-a1fb-eeee0a988291.tutorial#flowable-async-job-executor-thread-65969#
[PollStageAppStatusExecution] d8fab115-9946-497e-818d-add170ae4d9f [2026-03-17T13:48:43.179449] Downloaded sap_java_buildpack_jakarta (STDOUT, STG)#
#2026 03 17 13:48:51.857#Z#DEBUG#dde23164-2207-11f1-a1fb-eeee0a988291.tutorial#flowable-async-job-executor-thread-65969#
[PollStageAppStatusExecution] d8fab115-9946-497e-818d-add170ae4d9f [2026-03-17T13:48:43.181568] Downloaded go_buildpack (STDOUT, STG)#
#2026 03 17 13:48:51.857#Z#DEBUG#dde23164-2207-11f1-a1fb-eeee0a988291.tutorial#flowable-async-job-executor-thread-65969#
[PollStageAppStatusExecution] d8fab115-9946-497e-818d-add170ae4d9f [2026-03-17T13:48:43.181595] Downloading php_buildpack... (STDOUT, STG)#
#2026 03 17 13:48:51.857#Z#DEBUG#dde23164-2207-11f1-a1fb-eeee0a988291.tutorial#flowable-async-job-executor-thread-65969#
[PollStageAppStatusExecution] d8fab115-9946-497e-818d-add170ae4d9f [2026-03-17T13:48:43.185563] Downloaded staticfile_buildpack (STDOUT, STG)#
#2026 03 17 13:48:51.857#Z#DEBUG#dde23164-2207-11f1-a1fb-eeee0a988291.tutorial#flowable-async-job-executor-thread-65969#
[PollStageAppStatusExecution] d8fab115-9946-497e-818d-add170ae4d9f [2026-03-17T13:48:43.185581] Downloading zero_trust_sidecar_buildpack_1_14... (STDOUT, STG)#
#2026 03 17 13:48:51.857#Z#DEBUG#dde23164-2207-11f1-a1fb-eeee0a988291.tutorial#flowable-async-job-executor-thread-65969#
[PollStageAppStatusExecution] d8fab115-9946-497e-818d-add170ae4d9f [2026-03-17T13:48:43.193423] Downloaded zero_trust_sidecar_buildpack_1_13 (STDOUT, STG)#
#2026 03 17 13:48:51.857#Z#DEBUG#dde23164-2207-11f1-a1fb-eeee0a988291.tutorial#flowable-async-job-executor-thread-65969#
[PollStageAppStatusExecution] d8fab115-9946-497e-818d-add170ae4d9f [2026-03-17T13:48:43.193426] Downloading python_buildpack... (STDOUT, STG)#
#2026 03 17 13:48:51.857#Z#DEBUG#dde23164-2207-11f1-a1fb-eeee0a988291.tutorial#flowable-async-job-executor-thread-65969#
[PollStageAppStatusExecution] d8fab115-9946-497e-818d-add170ae4d9f [2026-03-17T13:48:43.193438] Downloading sap_java_buildpack_jakarta_2_50... (STDOUT, STG)#
#2026 03 17 13:48:51.857#Z#DEBUG#dde23164-2207-11f1-a1fb-eeee0a988291.tutorial#flowable-async-job-executor-thread-65969#
[PollStageAppStatusExecution] d8fab115-9946-497e-818d-add170ae4d9f [2026-03-17T13:48:43.202811] Downloaded zero_trust_sidecar_buildpack (STDOUT, STG)#
#2026 03 17 13:48:51.857#Z#DEBUG#dde23164-2207-11f1-a1fb-eeee0a988291.tutorial#flowable-async-job-executor-thread-65969#
[PollStageAppStatusExecution] d8fab115-9946-497e-818d-add170ae4d9f [2026-03-17T13:48:43.203159] Downloaded php_buildpack (STDOUT, STG)#
#2026 03 17 13:48:51.857#Z#DEBUG#dde23164-2207-11f1-a1fb-eeee0a988291.tutorial#flowable-async-job-executor-thread-65969#
[PollStageAppStatusExecution] d8fab115-9946-497e-818d-add170ae4d9f [2026-03-17T13:48:43.203180] Downloading binary_buildpack... (STDOUT, STG)#
#2026 03 17 13:48:51.857#Z#DEBUG#dde23164-2207-11f1-a1fb-eeee0a988291.tutorial#flowable-async-job-executor-thread-65969#
[PollStageAppStatusExecution] d8fab115-9946-497e-818d-add170ae4d9f [2026-03-17T13:48:43.203397] Downloading sap_java_buildpack_jakarta_2_49... (STDOUT, STG)#
#2026 03 17 13:48:51.857#Z#DEBUG#dde23164-2207-11f1-a1fb-eeee0a988291.tutorial#flowable-async-job-executor-thread-65969#
[PollStageAppStatusExecution] d8fab115-9946-497e-818d-add170ae4d9f [2026-03-17T13:48:43.206708] Downloaded zero_trust_sidecar_buildpack_1_14 (STDOUT, STG)#
#2026 03 17 13:48:51.857#Z#DEBUG#dde23164-2207-11f1-a1fb-eeee0a988291.tutorial#flowable-async-job-executor-thread-65969#
[PollStageAppStatusExecution] d8fab115-9946-497e-818d-add170ae4d9f [2026-03-17T13:48:43.206726] Downloading nginx_buildpack... (STDOUT, STG)#
#2026 03 17 13:48:51.857#Z#DEBUG#dde23164-2207-11f1-a1fb-eeee0a988291.tutorial#flowable-async-job-executor-thread-65969#
[PollStageAppStatusExecution] d8fab115-9946-497e-818d-add170ae4d9f [2026-03-17T13:48:43.215271] Downloaded sap_java_buildpack_jakarta_2_50 (STDOUT, STG)#
#2026 03 17 13:48:51.857#Z#DEBUG#dde23164-2207-11f1-a1fb-eeee0a988291.tutorial#flowable-async-job-executor-thread-65969#
[PollStageAppStatusExecution] d8fab115-9946-497e-818d-add170ae4d9f [2026-03-17T13:48:43.215294] Downloading java_buildpack... (STDOUT, STG)#
#2026 03 17 13:48:51.857#Z#DEBUG#dde23164-2207-11f1-a1fb-eeee0a988291.tutorial#flowable-async-job-executor-thread-65969#
[PollStageAppStatusExecution] d8fab115-9946-497e-818d-add170ae4d9f [2026-03-17T13:48:43.220552] Downloaded sap_java_buildpack_jakarta_2_49 (STDOUT, STG)#
#2026 03 17 13:48:51.857#Z#DEBUG#dde23164-2207-11f1-a1fb-eeee0a988291.tutorial#flowable-async-job-executor-thread-65969#
[PollStageAppStatusExecution] d8fab115-9946-497e-818d-add170ae4d9f [2026-03-17T13:48:43.221181] Downloaded binary_buildpack (STDOUT, STG)#
#2026 03 17 13:48:51.857#Z#DEBUG#dde23164-2207-11f1-a1fb-eeee0a988291.tutorial#flowable-async-job-executor-thread-65969#
[PollStageAppStatusExecution] d8fab115-9946-497e-818d-add170ae4d9f [2026-03-17T13:48:43.228022] Downloaded python_buildpack (STDOUT, STG)#
#2026 03 17 13:48:51.857#Z#DEBUG#dde23164-2207-11f1-a1fb-eeee0a988291.tutorial#flowable-async-job-executor-thread-65969#
[PollStageAppStatusExecution] d8fab115-9946-497e-818d-add170ae4d9f [2026-03-17T13:48:43.230620] Downloaded java_buildpack (STDOUT, STG)#
#2026 03 17 13:48:51.857#Z#DEBUG#dde23164-2207-11f1-a1fb-eeee0a988291.tutorial#flowable-async-job-executor-thread-65969#
[PollStageAppStatusExecution] d8fab115-9946-497e-818d-add170ae4d9f [2026-03-17T13:48:43.231478] Downloaded nginx_buildpack (STDOUT, STG)#
#2026 03 17 13:48:51.857#Z#DEBUG#dde23164-2207-11f1-a1fb-eeee0a988291.tutorial#flowable-async-job-executor-thread-65969#
[PollStageAppStatusExecution] d8fab115-9946-497e-818d-add170ae4d9f [2026-03-17T13:48:43.231563] Cell 197e870e-49f9-4b2f-8ee1-9dd8cf94bec3 creating container for instance a9a47240-eae1-4f41-abd6-41ddd65f3ad7 (STDOUT, STG)#
#2026 03 17 13:48:51.857#Z#DEBUG#dde23164-2207-11f1-a1fb-eeee0a988291.tutorial#flowable-async-job-executor-thread-65969#
[PollStageAppStatusExecution] d8fab115-9946-497e-818d-add170ae4d9f [2026-03-17T13:48:43.899221] Security group rules were updated (STDOUT, STG)#
#2026 03 17 13:48:51.857#Z#DEBUG#dde23164-2207-11f1-a1fb-eeee0a988291.tutorial#flowable-async-job-executor-thread-65969#
[PollStageAppStatusExecution] d8fab115-9946-497e-818d-add170ae4d9f [2026-03-17T13:48:43.977936] Cell 197e870e-49f9-4b2f-8ee1-9dd8cf94bec3 successfully created container for instance a9a47240-eae1-4f41-abd6-41ddd65f3ad7 (STDOUT, STG)#
#2026 03 17 13:48:51.857#Z#DEBUG#dde23164-2207-11f1-a1fb-eeee0a988291.tutorial#flowable-async-job-executor-thread-65969#
[PollStageAppStatusExecution] d8fab115-9946-497e-818d-add170ae4d9f [2026-03-17T13:48:44.260183] Downloading app package... (STDOUT, STG)#
#2026 03 17 13:48:51.857#Z#DEBUG#dde23164-2207-11f1-a1fb-eeee0a988291.tutorial#flowable-async-job-executor-thread-65969#
[PollStageAppStatusExecution] d8fab115-9946-497e-818d-add170ae4d9f [2026-03-17T13:48:44.328260] Downloaded app package (773B) (STDOUT, STG)#
#2026 03 17 13:48:51.857#Z#DEBUG#dde23164-2207-11f1-a1fb-eeee0a988291.tutorial#flowable-async-job-executor-thread-65969#
[PollStageAppStatusExecution] d8fab115-9946-497e-818d-add170ae4d9f [2026-03-17T13:48:44.755282] -----> Nodejs Buildpack version 1.8.41 (STDOUT, STG)#
#2026 03 17 13:48:51.857#Z#DEBUG#dde23164-2207-11f1-a1fb-eeee0a988291.tutorial#flowable-async-job-executor-thread-65969#
[PollStageAppStatusExecution] d8fab115-9946-497e-818d-add170ae4d9f [2026-03-17T13:48:44.755698] -----> Bootstrapping python (STDOUT, STG)#
#2026 03 17 13:48:51.857#Z#DEBUG#dde23164-2207-11f1-a1fb-eeee0a988291.tutorial#flowable-async-job-executor-thread-65969#
[PollStageAppStatusExecution] d8fab115-9946-497e-818d-add170ae4d9f [2026-03-17T13:48:44.755714] -----> Installing python 3.11.14 (STDOUT, STG)#
#2026 03 17 13:48:51.857#Z#DEBUG#dde23164-2207-11f1-a1fb-eeee0a988291.tutorial#flowable-async-job-executor-thread-65969#
[PollStageAppStatusExecution] d8fab115-9946-497e-818d-add170ae4d9f [2026-03-17T13:48:44.755932] Copy [/tmp/buildpacks/8e6044fb00557f20/dependencies/c334a3cd7ccf4e78ab45ef5e33dcd936/python_3.11.14_linux_x64_cflinuxfs4_5d0a9d8b.tgz] (STDOUT, STG)#
#2026 03 17 13:48:51.857#Z#DEBUG#dde23164-2207-11f1-a1fb-eeee0a988291.tutorial#flowable-async-job-executor-thread-65969#
[PollStageAppStatusExecution] d8fab115-9946-497e-818d-add170ae4d9f [2026-03-17T13:48:48.076188] -----> Installing binaries (STDOUT, STG)#
#2026 03 17 13:48:51.857#Z#DEBUG#dde23164-2207-11f1-a1fb-eeee0a988291.tutorial#flowable-async-job-executor-thread-65969#
[PollStageAppStatusExecution] d8fab115-9946-497e-818d-add170ae4d9f [2026-03-17T13:48:48.076281] engines.node (package.json): unspecified (STDOUT, STG)#
#2026 03 17 13:48:51.857#Z#DEBUG#dde23164-2207-11f1-a1fb-eeee0a988291.tutorial#flowable-async-job-executor-thread-65969#
[PollStageAppStatusExecution] d8fab115-9946-497e-818d-add170ae4d9f [2026-03-17T13:48:48.076299] engines.npm (package.json): unspecified (use default) (STDOUT, STG)#
#2026 03 17 13:48:51.857#Z#DEBUG#dde23164-2207-11f1-a1fb-eeee0a988291.tutorial#flowable-async-job-executor-thread-65969#
[PollStageAppStatusExecution] d8fab115-9946-497e-818d-add170ae4d9f [2026-03-17T13:48:48.076304] [31;1m**WARNING**[0m Node version not specified in package.json or .nvmrc. See: http://docs.cloudfoundry.org/buildpacks/node/node-tips.html (STDOUT, STG)#
#2026 03 17 13:48:51.857#Z#DEBUG#dde23164-2207-11f1-a1fb-eeee0a988291.tutorial#flowable-async-job-executor-thread-65969#
[PollStageAppStatusExecution] d8fab115-9946-497e-818d-add170ae4d9f [2026-03-17T13:48:48.076329] -----> Installing node 22.21.1 (STDOUT, STG)#
#2026 03 17 13:48:51.857#Z#DEBUG#dde23164-2207-11f1-a1fb-eeee0a988291.tutorial#flowable-async-job-executor-thread-65969#
[PollStageAppStatusExecution] d8fab115-9946-497e-818d-add170ae4d9f [2026-03-17T13:48:48.076506] Copy [/tmp/buildpacks/8e6044fb00557f20/dependencies/31fbecca5c8bc72c37b2d17238e0ce0f/node_22.21.1_linux_x64_cflinuxfs4_15278f00.tgz] (STDOUT, STG)#
#2026 03 17 13:48:51.857#Z#DEBUG#dde23164-2207-11f1-a1fb-eeee0a988291.tutorial#flowable-async-job-executor-thread-65969#
[PollStageAppStatusExecution] d8fab115-9946-497e-818d-add170ae4d9f [2026-03-17T13:48:50.133530] Using default npm version: 10.9.4 (STDOUT, STG)#
#2026 03 17 13:48:51.857#Z#DEBUG#dde23164-2207-11f1-a1fb-eeee0a988291.tutorial#flowable-async-job-executor-thread-65969#
[PollStageAppStatusExecution] d8fab115-9946-497e-818d-add170ae4d9f [2026-03-17T13:48:50.133557] -----> Installing yarn 1.22.22 (STDOUT, STG)#
#2026 03 17 13:48:51.857#Z#DEBUG#dde23164-2207-11f1-a1fb-eeee0a988291.tutorial#flowable-async-job-executor-thread-65969#
[PollStageAppStatusExecution] d8fab115-9946-497e-818d-add170ae4d9f [2026-03-17T13:48:50.133638] Copy [/tmp/buildpacks/8e6044fb00557f20/dependencies/e3a39aedd1236924d69cc2d0637a8ed2/yarn_1.22.22_linux_noarch_any-stack_4911d0a6.tgz] (STDOUT, STG)#
#2026 03 17 13:48:51.857#Z#DEBUG#dde23164-2207-11f1-a1fb-eeee0a988291.tutorial#flowable-async-job-executor-thread-65969#
[PollStageAppStatusExecution] d8fab115-9946-497e-818d-add170ae4d9f [2026-03-17T13:48:50.413499] Installed yarn 1.22.22 (STDOUT, STG)#
#2026 03 17 13:48:51.857#Z#DEBUG#dde23164-2207-11f1-a1fb-eeee0a988291.tutorial#flowable-async-job-executor-thread-65969#
[PollStageAppStatusExecution] d8fab115-9946-497e-818d-add170ae4d9f [2026-03-17T13:48:50.413505] -----> Creating runtime environment (STDOUT, STG)#
#2026 03 17 13:48:51.857#Z#DEBUG#dde23164-2207-11f1-a1fb-eeee0a988291.tutorial#flowable-async-job-executor-thread-65969#
[PollStageAppStatusExecution] d8fab115-9946-497e-818d-add170ae4d9f [2026-03-17T13:48:50.415054] [34;1mPRO TIP:[0m It is recommended to vendor the application's Node.js dependencies (STDOUT, STG)#
#2026 03 17 13:48:51.857#Z#DEBUG#dde23164-2207-11f1-a1fb-eeee0a988291.tutorial#flowable-async-job-executor-thread-65969#
[PollStageAppStatusExecution] d8fab115-9946-497e-818d-add170ae4d9f [2026-03-17T13:48:50.415073] Visit http://docs.cloudfoundry.org/buildpacks/node/index.html#vendoring (STDOUT, STG)#
#2026 03 17 13:48:51.857#Z#DEBUG#dde23164-2207-11f1-a1fb-eeee0a988291.tutorial#flowable-async-job-executor-thread-65969#
[PollStageAppStatusExecution] d8fab115-9946-497e-818d-add170ae4d9f [2026-03-17T13:48:50.415076] NODE_ENV=production (STDOUT, STG)#
#2026 03 17 13:48:51.857#Z#DEBUG#dde23164-2207-11f1-a1fb-eeee0a988291.tutorial#flowable-async-job-executor-thread-65969#
[PollStageAppStatusExecution] d8fab115-9946-497e-818d-add170ae4d9f [2026-03-17T13:48:50.415080] NODE_HOME=/tmp/contents3609134383/deps/0/node (STDOUT, STG)#
#2026 03 17 13:48:51.857#Z#DEBUG#dde23164-2207-11f1-a1fb-eeee0a988291.tutorial#flowable-async-job-executor-thread-65969#
[PollStageAppStatusExecution] d8fab115-9946-497e-818d-add170ae4d9f [2026-03-17T13:48:50.415081] NODE_MODULES_CACHE=true (STDOUT, STG)#
#2026 03 17 13:48:51.857#Z#DEBUG#dde23164-2207-11f1-a1fb-eeee0a988291.tutorial#flowable-async-job-executor-thread-65969#
[PollStageAppStatusExecution] d8fab115-9946-497e-818d-add170ae4d9f [2026-03-17T13:48:50.415103] NODE_VERBOSE=false (STDOUT, STG)#
#2026 03 17 13:48:51.857#Z#DEBUG#dde23164-2207-11f1-a1fb-eeee0a988291.tutorial#flowable-async-job-executor-thread-65969#
[PollStageAppStatusExecution] d8fab115-9946-497e-818d-add170ae4d9f [2026-03-17T13:48:50.415106] NPM_CONFIG_LOGLEVEL=error (STDOUT, STG)#
#2026 03 17 13:48:51.857#Z#DEBUG#dde23164-2207-11f1-a1fb-eeee0a988291.tutorial#flowable-async-job-executor-thread-65969#
[PollStageAppStatusExecution] d8fab115-9946-497e-818d-add170ae4d9f [2026-03-17T13:48:50.415108] NPM_CONFIG_PRODUCTION=true (STDOUT, STG)#
#2026 03 17 13:48:51.857#Z#DEBUG#dde23164-2207-11f1-a1fb-eeee0a988291.tutorial#flowable-async-job-executor-thread-65969#
[PollStageAppStatusExecution] d8fab115-9946-497e-818d-add170ae4d9f [2026-03-17T13:48:50.416669] -----> Building dependencies (STDOUT, STG)#
#2026 03 17 13:48:51.857#Z#DEBUG#dde23164-2207-11f1-a1fb-eeee0a988291.tutorial#flowable-async-job-executor-thread-65969#
[PollStageAppStatusExecution] d8fab115-9946-497e-818d-add170ae4d9f [2026-03-17T13:48:50.416687] Installing node modules (package.json) (STDOUT, STG)#
#2026 03 17 13:49:02.245#Z#DEBUG#dde23164-2207-11f1-a1fb-eeee0a988291.tutorial#flowable-async-job-executor-thread-76927#
[PollStageAppStatusExecution] d8fab115-9946-497e-818d-add170ae4d9f [2026-03-17T13:48:55.669423] added 207 packages, and audited 208 packages in 5s (STDOUT, STG)#
#2026 03 17 13:49:02.245#Z#DEBUG#dde23164-2207-11f1-a1fb-eeee0a988291.tutorial#flowable-async-job-executor-thread-76927#
[PollStageAppStatusExecution] d8fab115-9946-497e-818d-add170ae4d9f [2026-03-17T13:48:55.669445] 30 packages are looking for funding (STDOUT, STG)#
#2026 03 17 13:49:02.245#Z#DEBUG#dde23164-2207-11f1-a1fb-eeee0a988291.tutorial#flowable-async-job-executor-thread-76927#
[PollStageAppStatusExecution] d8fab115-9946-497e-818d-add170ae4d9f [2026-03-17T13:48:55.669450] run `npm fund` for details (STDOUT, STG)#
#2026 03 17 13:49:02.245#Z#DEBUG#dde23164-2207-11f1-a1fb-eeee0a988291.tutorial#flowable-async-job-executor-thread-76927#
[PollStageAppStatusExecution] d8fab115-9946-497e-818d-add170ae4d9f [2026-03-17T13:48:55.672415] 3 low severity vulnerabilities (STDOUT, STG)#
#2026 03 17 13:49:02.245#Z#DEBUG#dde23164-2207-11f1-a1fb-eeee0a988291.tutorial#flowable-async-job-executor-thread-76927#
[PollStageAppStatusExecution] d8fab115-9946-497e-818d-add170ae4d9f [2026-03-17T13:48:55.672432] To address all issues (including breaking changes), run: (STDOUT, STG)#
#2026 03 17 13:49:02.245#Z#DEBUG#dde23164-2207-11f1-a1fb-eeee0a988291.tutorial#flowable-async-job-executor-thread-76927#
[PollStageAppStatusExecution] d8fab115-9946-497e-818d-add170ae4d9f [2026-03-17T13:48:55.672437] npm audit fix --force (STDOUT, STG)#
#2026 03 17 13:49:02.245#Z#DEBUG#dde23164-2207-11f1-a1fb-eeee0a988291.tutorial#flowable-async-job-executor-thread-76927#
[PollStageAppStatusExecution] d8fab115-9946-497e-818d-add170ae4d9f [2026-03-17T13:48:55.672439] Run `npm audit` for details. (STDOUT, STG)#
#2026 03 17 13:49:02.245#Z#DEBUG#dde23164-2207-11f1-a1fb-eeee0a988291.tutorial#flowable-async-job-executor-thread-76927#
[PollStageAppStatusExecution] d8fab115-9946-497e-818d-add170ae4d9f [2026-03-17T13:48:55.673647] npm notice (STDOUT, STG)#
#2026 03 17 13:49:02.245#Z#DEBUG#dde23164-2207-11f1-a1fb-eeee0a988291.tutorial#flowable-async-job-executor-thread-76927#
[PollStageAppStatusExecution] d8fab115-9946-497e-818d-add170ae4d9f [2026-03-17T13:48:55.673660] npm notice New major version of npm available! 10.9.4 -> 11.11.1 (STDOUT, STG)#
#2026 03 17 13:49:02.245#Z#DEBUG#dde23164-2207-11f1-a1fb-eeee0a988291.tutorial#flowable-async-job-executor-thread-76927#
[PollStageAppStatusExecution] d8fab115-9946-497e-818d-add170ae4d9f [2026-03-17T13:48:55.673670] npm notice Changelog: https://github.com/npm/cli/releases/tag/v11.11.1 (STDOUT, STG)#
#2026 03 17 13:49:02.245#Z#DEBUG#dde23164-2207-11f1-a1fb-eeee0a988291.tutorial#flowable-async-job-executor-thread-76927#
[PollStageAppStatusExecution] d8fab115-9946-497e-818d-add170ae4d9f [2026-03-17T13:48:55.673675] npm notice To update run: npm install -g npm@11.11.1 (STDOUT, STG)#
#2026 03 17 13:49:02.245#Z#DEBUG#dde23164-2207-11f1-a1fb-eeee0a988291.tutorial#flowable-async-job-executor-thread-76927#
[PollStageAppStatusExecution] d8fab115-9946-497e-818d-add170ae4d9f [2026-03-17T13:48:55.673678] npm notice (STDOUT, STG)#
#2026 03 17 13:49:02.245#Z#DEBUG#dde23164-2207-11f1-a1fb-eeee0a988291.tutorial#flowable-async-job-executor-thread-76927#
[PollStageAppStatusExecution] d8fab115-9946-497e-818d-add170ae4d9f [2026-03-17T13:48:56.357711] [31;1m**WARNING**[0m Unmet dependencies don't fail npm install but may cause runtime issues (STDOUT, STG)#
#2026 03 17 13:49:02.245#Z#DEBUG#dde23164-2207-11f1-a1fb-eeee0a988291.tutorial#flowable-async-job-executor-thread-76927#
[PollStageAppStatusExecution] d8fab115-9946-497e-818d-add170ae4d9f [2026-03-17T13:48:56.357728] See: https://github.com/npm/npm/issues/7494 (STDOUT, STG)#
#2026 03 17 13:49:02.245#Z#DEBUG#dde23164-2207-11f1-a1fb-eeee0a988291.tutorial#flowable-async-job-executor-thread-76927#
[PollStageAppStatusExecution] d8fab115-9946-497e-818d-add170ae4d9f [2026-03-17T13:48:56.381212] Contrast Security no credentials found. Will not write environment files. (STDOUT, STG)#
#2026 03 17 13:49:12.536#Z#DEBUG#dde23164-2207-11f1-a1fb-eeee0a988291.tutorial#flowable-async-job-executor-thread-66357#
[PollStageAppStatusExecution] d8fab115-9946-497e-818d-add170ae4d9f [2026-03-17T13:49:05.338249] Exit status 0 (STDOUT, STG)#
#2026 03 17 13:49:12.536#Z#DEBUG#dde23164-2207-11f1-a1fb-eeee0a988291.tutorial#flowable-async-job-executor-thread-66357#
[PollStageAppStatusExecution] d8fab115-9946-497e-818d-add170ae4d9f [2026-03-17T13:49:05.338300] Uploading droplet, build artifacts cache... (STDOUT, STG)#
#2026 03 17 13:49:12.536#Z#DEBUG#dde23164-2207-11f1-a1fb-eeee0a988291.tutorial#flowable-async-job-executor-thread-66357#
[PollStageAppStatusExecution] d8fab115-9946-497e-818d-add170ae4d9f [2026-03-17T13:49:05.338347] Uploading droplet... (STDOUT, STG)#
#2026 03 17 13:49:12.536#Z#DEBUG#dde23164-2207-11f1-a1fb-eeee0a988291.tutorial#flowable-async-job-executor-thread-66357#
[PollStageAppStatusExecution] d8fab115-9946-497e-818d-add170ae4d9f [2026-03-17T13:49:05.338432] Uploading build artifacts cache... (STDOUT, STG)#
#2026 03 17 13:49:12.536#Z#DEBUG#dde23164-2207-11f1-a1fb-eeee0a988291.tutorial#flowable-async-job-executor-thread-66357#
[PollStageAppStatusExecution] d8fab115-9946-497e-818d-add170ae4d9f [2026-03-17T13:49:05.469428] Uploaded build artifacts cache (8.7M) (STDOUT, STG)#
#2026 03 17 13:49:12.536#Z#DEBUG#dde23164-2207-11f1-a1fb-eeee0a988291.tutorial#flowable-async-job-executor-thread-66357#
[PollStageAppStatusExecution] d8fab115-9946-497e-818d-add170ae4d9f [2026-03-17T13:49:05.954224] Creating droplet for app with guid d8fab115-9946-497e-818d-add170ae4d9f (STDOUT, API)#
#2026 03 17 13:49:12.536#Z#DEBUG#dde23164-2207-11f1-a1fb-eeee0a988291.tutorial#flowable-async-job-executor-thread-66357#
[PollStageAppStatusExecution] d8fab115-9946-497e-818d-add170ae4d9f [2026-03-17T13:49:09.022902] Uploaded droplet (62.1M) (STDOUT, STG)#
#2026 03 17 13:49:12.536#Z#DEBUG#dde23164-2207-11f1-a1fb-eeee0a988291.tutorial#flowable-async-job-executor-thread-66357#
[PollStageAppStatusExecution] d8fab115-9946-497e-818d-add170ae4d9f [2026-03-17T13:49:09.044910] Uploading complete (STDOUT, STG)#
#2026 03 17 13:49:12.537#Z#DEBUG#dde23164-2207-11f1-a1fb-eeee0a988291.tutorial#flowable-async-job-executor-thread-66357#
[PollStageAppStatusExecution] d8fab115-9946-497e-818d-add170ae4d9f [2026-03-17T13:49:09.510732] Cell 197e870e-49f9-4b2f-8ee1-9dd8cf94bec3 stopping instance a9a47240-eae1-4f41-abd6-41ddd65f3ad7 (STDOUT, STG)#
#2026 03 17 13:49:12.537#Z#DEBUG#dde23164-2207-11f1-a1fb-eeee0a988291.tutorial#flowable-async-job-executor-thread-66357#
[PollStageAppStatusExecution] d8fab115-9946-497e-818d-add170ae4d9f [2026-03-17T13:49:09.510763] Cell 197e870e-49f9-4b2f-8ee1-9dd8cf94bec3 destroying container for instance a9a47240-eae1-4f41-abd6-41ddd65f3ad7 (STDOUT, STG)#
#2026 03 17 13:49:12.537#Z#DEBUG#dde23164-2207-11f1-a1fb-eeee0a988291.tutorial#flowable-async-job-executor-thread-66357#
[PollStageAppStatusExecution] d8fab115-9946-497e-818d-add170ae4d9f [2026-03-17T13:49:11.938383] Cell 197e870e-49f9-4b2f-8ee1-9dd8cf94bec3 successfully destroyed container for instance a9a47240-eae1-4f41-abd6-41ddd65f3ad7 (STDOUT, STG)#
#2026 03 17 13:49:22.875#Z#DEBUG#dde23164-2207-11f1-a1fb-eeee0a988291.tutorial#flowable-async-job-executor-thread-74815#
[PollStartAppStatusExecution] d8fab115-9946-497e-818d-add170ae4d9f [2026-03-17T13:49:12.643060] Updated app with guid d8fab115-9946-497e-818d-add170ae4d9f ({:droplet_guid=>"82f2b46b-5e9b-4e34-9a2b-bf14748759ca"}) (STDOUT, API)#
#2026 03 17 13:49:22.875#Z#DEBUG#dde23164-2207-11f1-a1fb-eeee0a988291.tutorial#flowable-async-job-executor-thread-74815#
[PollStartAppStatusExecution] d8fab115-9946-497e-818d-add170ae4d9f [2026-03-17T13:49:13.179398] Creating revision for app with guid d8fab115-9946-497e-818d-add170ae4d9f (STDOUT, API)#
#2026 03 17 13:49:22.875#Z#DEBUG#dde23164-2207-11f1-a1fb-eeee0a988291.tutorial#flowable-async-job-executor-thread-74815#
[PollStartAppStatusExecution] d8fab115-9946-497e-818d-add170ae4d9f [2026-03-17T13:49:13.226531] Starting app with guid d8fab115-9946-497e-818d-add170ae4d9f (STDOUT, API)#
#2026 03 17 13:49:22.875#Z#DEBUG#dde23164-2207-11f1-a1fb-eeee0a988291.tutorial#flowable-async-job-executor-thread-74815#
[PollStartAppStatusExecution] d8fab115-9946-497e-818d-add170ae4d9f [2026-03-17T13:49:13.400263] Cell 0304b3ae-2627-4333-8431-dd42b89b7738 creating container for instance 46457ee7-100b-4985-7656-bd34 (STDOUT, CELL)#
#2026 03 17 13:49:22.875#Z#DEBUG#dde23164-2207-11f1-a1fb-eeee0a988291.tutorial#flowable-async-job-executor-thread-74815#
[PollStartAppStatusExecution] d8fab115-9946-497e-818d-add170ae4d9f [2026-03-17T13:49:14.112492] Security group rules were updated (STDOUT, CELL)#
#2026 03 17 13:49:22.875#Z#DEBUG#dde23164-2207-11f1-a1fb-eeee0a988291.tutorial#flowable-async-job-executor-thread-74815#
[PollStartAppStatusExecution] d8fab115-9946-497e-818d-add170ae4d9f [2026-03-17T13:49:14.204533] Cell 0304b3ae-2627-4333-8431-dd42b89b7738 successfully created container for instance 46457ee7-100b-4985-7656-bd34 (STDOUT, CELL)#
#2026 03 17 13:49:22.875#Z#DEBUG#dde23164-2207-11f1-a1fb-eeee0a988291.tutorial#flowable-async-job-executor-thread-74815#
[PollStartAppStatusExecution] d8fab115-9946-497e-818d-add170ae4d9f [2026-03-17T13:49:14.808337] Downloading droplet... (STDOUT, CELL)#
#2026 03 17 13:49:22.876#Z#DEBUG#dde23164-2207-11f1-a1fb-eeee0a988291.tutorial#flowable-async-job-executor-thread-74815#
[PollStartAppStatusExecution] d8fab115-9946-497e-818d-add170ae4d9f [2026-03-17T13:49:18.430277] Downloaded droplet (62.1M) (STDOUT, CELL)#
#2026 03 17 13:49:22.876#Z#DEBUG#dde23164-2207-11f1-a1fb-eeee0a988291.tutorial#flowable-async-job-executor-thread-74815#
[PollStartAppStatusExecution] d8fab115-9946-497e-818d-add170ae4d9f [2026-03-17T13:49:18.430407] Starting health monitoring of container (STDOUT, CELL)#
#2026 03 17 13:49:22.876#Z#DEBUG#dde23164-2207-11f1-a1fb-eeee0a988291.tutorial#flowable-async-job-executor-thread-74815#
[PollStartAppStatusExecution] d8fab115-9946-497e-818d-add170ae4d9f [2026-03-17T13:49:18.545972] Invoking pre-start scripts. (STDOUT, APP/PROC/WEB)#
#2026 03 17 13:49:22.876#Z#DEBUG#dde23164-2207-11f1-a1fb-eeee0a988291.tutorial#flowable-async-job-executor-thread-74815#
[PollStartAppStatusExecution] d8fab115-9946-497e-818d-add170ae4d9f [2026-03-17T13:49:18.734467] Invoking start command. (STDOUT, APP/PROC/WEB)#
#2026 03 17 13:49:22.876#Z#DEBUG#dde23164-2207-11f1-a1fb-eeee0a988291.tutorial#flowable-async-job-executor-thread-74815#
[PollStartAppStatusExecution] d8fab115-9946-497e-818d-add170ae4d9f [2026-03-17T13:49:19.112151] > start (STDOUT, APP/PROC/WEB)#
#2026 03 17 13:49:22.876#Z#DEBUG#dde23164-2207-11f1-a1fb-eeee0a988291.tutorial#flowable-async-job-executor-thread-74815#
[PollStartAppStatusExecution] d8fab115-9946-497e-818d-add170ae4d9f [2026-03-17T13:49:19.112185] > node node_modules/@sap/approuter/approuter.js (STDOUT, APP/PROC/WEB)#
#2026 03 17 13:49:22.876#Z#DEBUG#dde23164-2207-11f1-a1fb-eeee0a988291.tutorial#flowable-async-job-executor-thread-74815#
[PollStartAppStatusExecution] d8fab115-9946-497e-818d-add170ae4d9f [2026-03-17T13:49:19.269648] {"written_at":"2026-03-17T13:49:19.268Z","written_ts":1773755359268000000,"csn_component":"-","correlation_id":"-","type":"log","logger":"nodejs-logger","layer":"/LoggingLibrary","level":"warning","container_id":"10.0.137.62","component_type":"application","component_id":"d8fab115-9946-497e-818d-add170ae4d9f","component_name":"tutorial","component_instance":-1,"source_instance":-1,"organization_id":"0f84b19e-e7b5-482f-8f7b-8dc020a3b0c2","organization_name":"SUPORTIS_AG_demo-qs-59u9eftq","space_id":"190179fa-25dc-444e-b7b2-a3816c974671","space_name":"qs","context_id":"","msg":"Dynamic log level switching not available"} (STDOUT, APP/PROC/WEB)#
#2026 03 17 13:49:22.876#Z#DEBUG#dde23164-2207-11f1-a1fb-eeee0a988291.tutorial#flowable-async-job-executor-thread-74815#
[PollStartAppStatusExecution] d8fab115-9946-497e-818d-add170ae4d9f [2026-03-17T13:49:19.749960] {"written_at":"2026-03-17T13:49:19.749Z","written_ts":1773755359749000000,"csn_component":"-","correlation_id":"mmuo56v9","type":"log","logger":"nodejs-logger","layer":"/approuter","level":"info","container_id":"10.0.137.62","component_type":"application","component_id":"d8fab115-9946-497e-818d-add170ae4d9f","component_name":"tutorial","component_instance":-1,"source_instance":-1,"organization_id":"0f84b19e-e7b5-482f-8f7b-8dc020a3b0c2","organization_name":"SUPORTIS_AG_demo-qs-59u9eftq","space_id":"190179fa-25dc-444e-b7b2-a3816c974671","space_name":"qs","context_id":"mmuo56v9","msg":"Application router version 20.10.0"} (STDOUT, APP/PROC/WEB)#
#2026 03 17 13:49:22.876#Z#DEBUG#dde23164-2207-11f1-a1fb-eeee0a988291.tutorial#flowable-async-job-executor-thread-74815#
[PollStartAppStatusExecution] d8fab115-9946-497e-818d-add170ae4d9f [2026-03-17T13:49:19.752681] {"written_at":"2026-03-17T13:49:19.752Z","written_ts":1773755359752000000,"csn_component":"-","correlation_id":"mmuo56vc","type":"log","logger":"nodejs-logger","layer":"/Configuration","level":"info","container_id":"10.0.137.62","component_type":"application","component_id":"d8fab115-9946-497e-818d-add170ae4d9f","component_name":"tutorial","component_instance":-1,"source_instance":-1,"organization_id":"0f84b19e-e7b5-482f-8f7b-8dc020a3b0c2","organization_name":"SUPORTIS_AG_demo-qs-59u9eftq","space_id":"190179fa-25dc-444e-b7b2-a3816c974671","space_name":"qs","context_id":"mmuo56vc","msg":"No COOKIES environment variable"} (STDOUT, APP/PROC/WEB)#
#2026 03 17 13:49:22.876#Z#DEBUG#dde23164-2207-11f1-a1fb-eeee0a988291.tutorial#flowable-async-job-executor-thread-74815#
[PollStartAppStatusExecution] d8fab115-9946-497e-818d-add170ae4d9f [2026-03-17T13:49:19.800497] {"written_at":"2026-03-17T13:49:19.800Z","written_ts":1773755359800000000,"csn_component":"-","correlation_id":"mmuo56v9","type":"log","logger":"nodejs-logger","layer":"/approuter","level":"info","container_id":"10.0.137.62","component_type":"application","component_id":"d8fab115-9946-497e-818d-add170ae4d9f","component_name":"tutorial","component_instance":-1,"source_instance":-1,"organization_id":"0f84b19e-e7b5-482f-8f7b-8dc020a3b0c2","organization_name":"SUPORTIS_AG_demo-qs-59u9eftq","space_id":"190179fa-25dc-444e-b7b2-a3816c974671","space_name":"qs","context_id":"mmuo56v9","msg":"Application router is listening on port: 8080"} (STDOUT, APP/PROC/WEB)#
#2026 03 17 13:49:22.876#Z#DEBUG#dde23164-2207-11f1-a1fb-eeee0a988291.tutorial#flowable-async-job-executor-thread-74815#
[PollStartAppStatusExecution] d8fab115-9946-497e-818d-add170ae4d9f [2026-03-17T13:49:21.370785] Container became healthy (STDOUT, CELL)#
#2026 03 17 13:49:22.876#Z#DEBUG#dde23164-2207-11f1-a1fb-eeee0a988291.tutorial#flowable-async-job-executor-thread-74815#
[PollStartAppStatusExecution] d8fab115-9946-497e-818d-add170ae4d9f [2026-03-17T13:49:21.397371] Process became ready with guid d8fab115-9946-497e-818d-add170ae4d9f payload: {"instance"=>"46457ee7-100b-4985-7656-bd34", "index"=>0, "cell_id"=>"0304b3ae-2627-4333-8431-dd42b89b7738", "ready"=>true, "version"=>"d7840f5a-58c7-4485-84f7-9f3bd8cf0405"} (STDOUT, API)#
